  atcommand.c
  battle.c
  battleground.c
  buyingstore.c
  chat.c
  chrif.c
  clif.c
  date.c
  duel.c
  guild.c
  guild_castle.c
  guild_expcache.c
c:\users\topkoong\documents\game\eathena svn 15267\src\map\clif.c(957): warning C4267: '=': conversion from 'size_t' to 'uint16', possible loss of data
c:\users\topkoong\documents\game\eathena svn 15267\src\map\clif.c(1118): warning C4267: '=': conversion from 'size_t' to 'uint16', possible loss of data
  homunculus.c
c:\users\topkoong\documents\game\eathena svn 15267\src\map\clif.c(3371): warning C4267: '=': conversion from 'size_t' to 'uint16', possible loss of data
c:\users\topkoong\documents\game\eathena svn 15267\src\map\clif.c(3409): warning C4267: '=': conversion from 'size_t' to 'uint16', possible loss of data
  instance.c
  intif.c
  itemdb.c
  log.c
c:\users\topkoong\documents\game\eathena svn 15267\src\map\clif.c(5179): warning C4267: '=': conversion from 'size_t' to 'uint16', possible loss of data
c:\users\topkoong\documents\game\eathena svn 15267\src\map\clif.c(5208): warning C4267: '=': conversion from 'size_t' to 'uint16', possible loss of data
c:\users\topkoong\documents\game\eathena svn 15267\src\map\clif.c(8068): warning C4267: 'initializing': conversion from 'size_t' to 'unsigned short', possible loss of data
  mail.c
  map.c
  mapreg_sql.c
  mercenary.c
  mob.c
  npc.c
  npc_chat.c
  party.c
  path.c
  pc.c
  pet.c
  quest.c
  script.c
  searchstore.c
  skill.c
  status.c
  storage.c
  trade.c
  unit.c
  vending.c
atcommand.obj : warning LNK4075: ignoring '/EDITANDCONTINUE' due to '/SAFESEH' specification
LINK : fatal error LNK1207: incompatible PDB format in 'C:\Users\topkoong\Documents\game\eAthena SVN 15267\map-server_sql.pdb'; delete and rebuild
