..\login-server_sql.ilk
..\login-server_sql.pdb
C:\DOCUMENTS AND SETTINGS\M.COM\DESKTOP\EATHENA SVN 15267\LOGIN-SERVER_SQL.EXE
C:\DOCUMENTS AND SETTINGS\M.COM\DESKTOP\EATHENA SVN 15267\LOGIN-SERVER_SQL.ILK
C:\DOCUMENTS AND SETTINGS\M.COM\DESKTOP\EATHENA SVN 15267\LOGIN-SERVER_SQL.PDB
C:\Documents and Settings\M.Com\Desktop\eAthena SVN 15267\vcproj-10\..\login-server_sql.exe
C:\Documents and Settings\M.Com\Desktop\eAthena SVN 15267\vcproj-10\login-server_sql\Debug\account_sql.obj
C:\Documents and Settings\M.Com\Desktop\eAthena SVN 15267\vcproj-10\login-server_sql\Debug\CL.1424.read.1.tlog
C:\Documents and Settings\M.Com\Desktop\eAthena SVN 15267\vcproj-10\login-server_sql\Debug\CL.1424.write.1.tlog
C:\Documents and Settings\M.Com\Desktop\eAthena SVN 15267\vcproj-10\login-server_sql\Debug\CL.912.read.1.tlog
C:\Documents and Settings\M.Com\Desktop\eAthena SVN 15267\vcproj-10\login-server_sql\Debug\CL.912.write.1.tlog
C:\Documents and Settings\M.Com\Desktop\eAthena SVN 15267\vcproj-10\login-server_sql\Debug\cl.command.1.tlog
C:\Documents and Settings\M.Com\Desktop\eAthena SVN 15267\vcproj-10\login-server_sql\Debug\CL.read.1.tlog
C:\Documents and Settings\M.Com\Desktop\eAthena SVN 15267\vcproj-10\login-server_sql\Debug\cl.write.1.tlog
C:\Documents and Settings\M.Com\Desktop\eAthena SVN 15267\vcproj-10\login-server_sql\Debug\ipban_sql.obj
C:\Documents and Settings\M.Com\Desktop\eAthena SVN 15267\vcproj-10\login-server_sql\Debug\link.3240.read.1.tlog
C:\Documents and Settings\M.Com\Desktop\eAthena SVN 15267\vcproj-10\login-server_sql\Debug\link.3240.write.1.tlog
C:\Documents and Settings\M.Com\Desktop\eAthena SVN 15267\vcproj-10\login-server_sql\Debug\link.3240-cvtres.read.1.tlog
C:\Documents and Settings\M.Com\Desktop\eAthena SVN 15267\vcproj-10\login-server_sql\Debug\link.3240-cvtres.write.1.tlog
C:\Documents and Settings\M.Com\Desktop\eAthena SVN 15267\vcproj-10\login-server_sql\Debug\link.command.1.tlog
C:\Documents and Settings\M.Com\Desktop\eAthena SVN 15267\vcproj-10\login-server_sql\Debug\link.read.1.tlog
C:\Documents and Settings\M.Com\Desktop\eAthena SVN 15267\vcproj-10\login-server_sql\Debug\link.write.1.tlog
C:\Documents and Settings\M.Com\Desktop\eAthena SVN 15267\vcproj-10\login-server_sql\Debug\link-cvtres.read.1.tlog
C:\Documents and Settings\M.Com\Desktop\eAthena SVN 15267\vcproj-10\login-server_sql\Debug\link-cvtres.write.1.tlog
C:\Documents and Settings\M.Com\Desktop\eAthena SVN 15267\vcproj-10\login-server_sql\Debug\login.obj
C:\Documents and Settings\M.Com\Desktop\eAthena SVN 15267\vcproj-10\login-server_sql\Debug\loginlog_sql.obj
C:\DOCUMENTS AND SETTINGS\M.COM\DESKTOP\EATHENA SVN 15267\VCPROJ-10\LOGIN-SERVER_SQL\DEBUG\LOGIN-SERVER_SQL.EXE.EMBED.MANIFEST
C:\DOCUMENTS AND SETTINGS\M.COM\DESKTOP\EATHENA SVN 15267\VCPROJ-10\LOGIN-SERVER_SQL\DEBUG\LOGIN-SERVER_SQL.EXE.EMBED.MANIFEST.RES
C:\DOCUMENTS AND SETTINGS\M.COM\DESKTOP\EATHENA SVN 15267\VCPROJ-10\LOGIN-SERVER_SQL\DEBUG\LOGIN-SERVER_SQL.EXE.INTERMEDIATE.MANIFEST
C:\Documents and Settings\M.Com\Desktop\eAthena SVN 15267\vcproj-10\login-server_sql\Debug\login-server_sql.write.1.tlog
C:\Documents and Settings\M.Com\Desktop\eAthena SVN 15267\vcproj-10\login-server_sql\Debug\login-server_sql_manifest.rc
C:\Documents and Settings\M.Com\Desktop\eAthena SVN 15267\vcproj-10\login-server_sql\Debug\mt.command.1.tlog
C:\Documents and Settings\M.Com\Desktop\eAthena SVN 15267\vcproj-10\login-server_sql\Debug\mt.read.1.tlog
C:\Documents and Settings\M.Com\Desktop\eAthena SVN 15267\vcproj-10\login-server_sql\Debug\mt.write.1.tlog
C:\Documents and Settings\M.Com\Desktop\eAthena SVN 15267\vcproj-10\login-server_sql\Debug\rc.command.1.tlog
C:\Documents and Settings\M.Com\Desktop\eAthena SVN 15267\vcproj-10\login-server_sql\Debug\rc.read.1.tlog
C:\Documents and Settings\M.Com\Desktop\eAthena SVN 15267\vcproj-10\login-server_sql\Debug\rc.write.1.tlog
C:\Documents and Settings\M.Com\Desktop\eAthena SVN 15267\vcproj-10\login-server_sql\Debug\vc100.idb
C:\DOCUMENTS AND SETTINGS\M.COM\DESKTOP\EATHENA SVN 15267\VCPROJ-10\LOGIN-SERVER_SQL\DEBUG\VC100.PDB
