..\char-server_sql.ilk
..\char-server_sql.pdb
C:\DOCUMENTS AND SETTINGS\M.COM\DESKTOP\EATHENA SVN 15267\CHAR-SERVER_SQL.EXE
C:\DOCUMENTS AND SETTINGS\M.COM\DESKTOP\EATHENA SVN 15267\CHAR-SERVER_SQL.ILK
C:\DOCUMENTS AND SETTINGS\M.COM\DESKTOP\EATHENA SVN 15267\CHAR-SERVER_SQL.PDB
C:\Documents and Settings\M.Com\Desktop\eAthena SVN 15267\vcproj-10\..\char-server_sql.exe
C:\Documents and Settings\M.Com\Desktop\eAthena SVN 15267\vcproj-10\char-server_sql\Debug\char.obj
C:\DOCUMENTS AND SETTINGS\M.COM\DESKTOP\EATHENA SVN 15267\VCPROJ-10\CHAR-SERVER_SQL\DEBUG\CHAR-SERVER_SQL.EXE.EMBED.MANIFEST
C:\DOCUMENTS AND SETTINGS\M.COM\DESKTOP\EATHENA SVN 15267\VCPROJ-10\CHAR-SERVER_SQL\DEBUG\CHAR-SERVER_SQL.EXE.EMBED.MANIFEST.RES
C:\DOCUMENTS AND SETTINGS\M.COM\DESKTOP\EATHENA SVN 15267\VCPROJ-10\CHAR-SERVER_SQL\DEBUG\CHAR-SERVER_SQL.EXE.INTERMEDIATE.MANIFEST
C:\Documents and Settings\M.Com\Desktop\eAthena SVN 15267\vcproj-10\char-server_sql\Debug\char-server_sql.write.1.tlog
C:\Documents and Settings\M.Com\Desktop\eAthena SVN 15267\vcproj-10\char-server_sql\Debug\char-server_sql_manifest.rc
C:\Documents and Settings\M.Com\Desktop\eAthena SVN 15267\vcproj-10\char-server_sql\Debug\CL.3976.read.1.tlog
C:\Documents and Settings\M.Com\Desktop\eAthena SVN 15267\vcproj-10\char-server_sql\Debug\CL.3976.write.1.tlog
C:\Documents and Settings\M.Com\Desktop\eAthena SVN 15267\vcproj-10\char-server_sql\Debug\CL.5912.read.1.tlog
C:\Documents and Settings\M.Com\Desktop\eAthena SVN 15267\vcproj-10\char-server_sql\Debug\CL.5912.write.1.tlog
C:\Documents and Settings\M.Com\Desktop\eAthena SVN 15267\vcproj-10\char-server_sql\Debug\cl.command.1.tlog
C:\Documents and Settings\M.Com\Desktop\eAthena SVN 15267\vcproj-10\char-server_sql\Debug\CL.read.1.tlog
C:\Documents and Settings\M.Com\Desktop\eAthena SVN 15267\vcproj-10\char-server_sql\Debug\cl.write.1.tlog
C:\Documents and Settings\M.Com\Desktop\eAthena SVN 15267\vcproj-10\char-server_sql\Debug\int_auction.obj
C:\Documents and Settings\M.Com\Desktop\eAthena SVN 15267\vcproj-10\char-server_sql\Debug\int_guild.obj
C:\Documents and Settings\M.Com\Desktop\eAthena SVN 15267\vcproj-10\char-server_sql\Debug\int_homun.obj
C:\Documents and Settings\M.Com\Desktop\eAthena SVN 15267\vcproj-10\char-server_sql\Debug\int_mail.obj
C:\Documents and Settings\M.Com\Desktop\eAthena SVN 15267\vcproj-10\char-server_sql\Debug\int_mercenary.obj
C:\Documents and Settings\M.Com\Desktop\eAthena SVN 15267\vcproj-10\char-server_sql\Debug\int_party.obj
C:\Documents and Settings\M.Com\Desktop\eAthena SVN 15267\vcproj-10\char-server_sql\Debug\int_pet.obj
C:\Documents and Settings\M.Com\Desktop\eAthena SVN 15267\vcproj-10\char-server_sql\Debug\int_quest.obj
C:\Documents and Settings\M.Com\Desktop\eAthena SVN 15267\vcproj-10\char-server_sql\Debug\int_storage.obj
C:\Documents and Settings\M.Com\Desktop\eAthena SVN 15267\vcproj-10\char-server_sql\Debug\inter.obj
C:\Documents and Settings\M.Com\Desktop\eAthena SVN 15267\vcproj-10\char-server_sql\Debug\link.436.read.1.tlog
C:\Documents and Settings\M.Com\Desktop\eAthena SVN 15267\vcproj-10\char-server_sql\Debug\link.436.write.1.tlog
C:\Documents and Settings\M.Com\Desktop\eAthena SVN 15267\vcproj-10\char-server_sql\Debug\link.436-cvtres.read.1.tlog
C:\Documents and Settings\M.Com\Desktop\eAthena SVN 15267\vcproj-10\char-server_sql\Debug\link.436-cvtres.write.1.tlog
C:\Documents and Settings\M.Com\Desktop\eAthena SVN 15267\vcproj-10\char-server_sql\Debug\link.command.1.tlog
C:\Documents and Settings\M.Com\Desktop\eAthena SVN 15267\vcproj-10\char-server_sql\Debug\link.read.1.tlog
C:\Documents and Settings\M.Com\Desktop\eAthena SVN 15267\vcproj-10\char-server_sql\Debug\link.write.1.tlog
C:\Documents and Settings\M.Com\Desktop\eAthena SVN 15267\vcproj-10\char-server_sql\Debug\link-cvtres.read.1.tlog
C:\Documents and Settings\M.Com\Desktop\eAthena SVN 15267\vcproj-10\char-server_sql\Debug\link-cvtres.write.1.tlog
C:\Documents and Settings\M.Com\Desktop\eAthena SVN 15267\vcproj-10\char-server_sql\Debug\mt.command.1.tlog
C:\Documents and Settings\M.Com\Desktop\eAthena SVN 15267\vcproj-10\char-server_sql\Debug\mt.read.1.tlog
C:\Documents and Settings\M.Com\Desktop\eAthena SVN 15267\vcproj-10\char-server_sql\Debug\mt.write.1.tlog
C:\Documents and Settings\M.Com\Desktop\eAthena SVN 15267\vcproj-10\char-server_sql\Debug\rc.command.1.tlog
C:\Documents and Settings\M.Com\Desktop\eAthena SVN 15267\vcproj-10\char-server_sql\Debug\rc.read.1.tlog
C:\Documents and Settings\M.Com\Desktop\eAthena SVN 15267\vcproj-10\char-server_sql\Debug\rc.write.1.tlog
C:\Documents and Settings\M.Com\Desktop\eAthena SVN 15267\vcproj-10\char-server_sql\Debug\vc100.idb
C:\DOCUMENTS AND SETTINGS\M.COM\DESKTOP\EATHENA SVN 15267\VCPROJ-10\CHAR-SERVER_SQL\DEBUG\VC100.PDB
